******************************************************************************
                  TI ARM Linker PC v20.2.0                     
******************************************************************************
>> Linked Fri May 15 21:58:31 2020

OUTPUT FILE NAME:   <Experimentacion_1.out>
ENTRY POINT SYMBOL: "_c_int00_noargs"  address: 00000745


MEMORY CONFIGURATION

         name            origin    length      used     unused   attr    fill
----------------------  --------  ---------  --------  --------  ----  --------
  FLASH                 00000000   00040000  00000818  0003f7e8  R  X
  SRAM                  20000000   00008000  00000220  00007de0  RW X


SEGMENT ALLOCATION MAP

run origin  load origin   length   init length attrs members
----------  ----------- ---------- ----------- ----- -------
00000000    00000000    00000818   00000818    r-x
  00000000    00000000    0000026c   0000026c    r-- .intvecs
  0000026c    0000026c    00000594   00000594    r-x .text
  00000800    00000800    00000018   00000018    r-- .cinit
20000000    20000000    00000220   00000000    rw-
  20000000    20000000    00000200   00000000    rw- .stack
  20000200    20000200    00000020   00000000    rw- .data


SECTION ALLOCATION MAP

 output                                  attributes/
section   page    origin      length       input sections
--------  ----  ----------  ----------   ----------------
.intvecs   0    00000000    0000026c     
                  00000000    0000026c     tm4c123gh6pm_startup_ccs.obj (.intvecs)

.text      0    0000026c    00000594     
                  0000026c    00000134     main.obj (.text)
                  000003a0    00000132     driverlib.lib : gpio.obj (.text:GPIOPadConfigSet)
                  000004d2    00000002     --HOLE-- [fill = 0]
                  000004d4    000000f4                   : sysctl.obj (.text:SysCtlClockSet)
                  000005c8    0000009c     rtsv7M4_T_le_v4SPD16_eabi.lib : memcpy_t2.asm.obj (.text)
                  00000664    00000068                                   : copy_decompress_lzss.c.obj (.text:decompress:lzss:__TI_decompress_lzss)
                  000006cc    00000044                                   : autoinit.c.obj (.text:__TI_auto_init_nobinit_nopinit:__TI_auto_init_nobinit_nopinit)
                  00000710    00000034     driverlib.lib : sysctl.obj (.text:SysCtlPeripheralEnable)
                  00000744    00000034     rtsv7M4_T_le_v4SPD16_eabi.lib : boot_cortex_m.c.obj (.text:_c_int00_noargs:_c_int00_noargs)
                  00000778    0000002a     driverlib.lib : gpio.obj (.text:GPIODirModeSet)
                  000007a2    00000018                   : gpio.obj (.text:GPIOPinTypeGPIOOutput)
                  000007ba    00000012                   : gpio.obj (.text:GPIOPinTypeGPIOInput)
                  000007cc    0000000e     rtsv7M4_T_le_v4SPD16_eabi.lib : copy_decompress_none.c.obj (.text:decompress:none:__TI_decompress_none)
                  000007da    0000000c     tm4c123gh6pm_startup_ccs.obj (.text)
                  000007e6    00000006     driverlib.lib : gpio.obj (.text:GPIOPinRead)
                  000007ec    00000006                   : gpio.obj (.text:GPIOPinWrite)
                  000007f2    00000006                   : sysctl.obj (.text:SysCtlDelay)
                  000007f8    00000004     rtsv7M4_T_le_v4SPD16_eabi.lib : pre_init.c.obj (.text:_system_pre_init)
                  000007fc    00000004                                   : exit.c.obj (.text:abort:abort)

.cinit     0    00000800    00000018     
                  00000800    00000008     (.cinit..data.load) [load image, compression = lzss]
                  00000808    00000008     (__TI_handler_table)
                  00000810    00000008     (__TI_cinit_table)

.init_array 
*          0    00000000    00000000     UNINITIALIZED

.data      0    20000200    00000020     UNINITIALIZED
                  20000200    00000020     main.obj (.data)

.stack     0    20000000    00000200     UNINITIALIZED
                  20000000    00000004     rtsv7M4_T_le_v4SPD16_eabi.lib : boot_cortex_m.c.obj (.stack)
                  20000004    000001fc     --HOLE--

__llvm_prf_cnts 
*          0    20000000    00000000     UNINITIALIZED

MODULE SUMMARY

       Module                         code   ro data   rw data
       ------                         ----   -------   -------
    .\
       tm4c123gh6pm_startup_ccs.obj   12     620       0      
       main.obj                       308    0         32     
    +--+------------------------------+------+---------+---------+
       Total:                         320    620       32     
                                                              
    C:/ti/TivaWare_C_Series-2.1.4.178/driverlib/ccs/Debug/driverlib.lib
       gpio.obj                       402    0         0      
       sysctl.obj                     302    0         0      
    +--+------------------------------+------+---------+---------+
       Total:                         704    0         0      
                                                              
    C:\ti\ccs1000\ccs\tools\compiler\ti-cgt-arm_20.2.0.LTS\lib\rtsv7M4_T_le_v4SPD16_eabi.lib
       memcpy_t2.asm.obj              156    0         0      
       copy_decompress_lzss.c.obj     104    0         0      
       autoinit.c.obj                 68     0         0      
       boot_cortex_m.c.obj            52     0         0      
       copy_decompress_none.c.obj     14     0         0      
       exit.c.obj                     4      0         0      
       pre_init.c.obj                 4      0         0      
    +--+------------------------------+------+---------+---------+
       Total:                         402    0         0      
                                                              
       Stack:                         0      0         512    
       Linker Generated:              0      24        0      
    +--+------------------------------+------+---------+---------+
       Grand Total:                   1426   644       544    


LINKER GENERATED COPY TABLES

__TI_cinit_table @ 00000810 records: 1, size/record: 8, table size: 8
	.data: load addr=00000800, load size=00000008 bytes, run addr=20000200, run size=00000020 bytes, compression=lzss


LINKER GENERATED HANDLER TABLE

__TI_handler_table @ 00000808 records: 2, size/record: 4, table size: 8
	index: 0, handler: __TI_decompress_lzss
	index: 1, handler: __TI_decompress_none


GLOBAL SYMBOLS: SORTED ALPHABETICALLY BY Name 

address   name                          
-------   ----                          
000007fd  C$$EXIT                       
00000779  GPIODirModeSet                
000003a1  GPIOPadConfigSet              
000007e7  GPIOPinRead                   
000007bb  GPIOPinTypeGPIOInput          
000007a3  GPIOPinTypeGPIOOutput         
000007ed  GPIOPinWrite                  
000007db  ResetISR                      
000004d5  SysCtlClockSet                
000007f3  SysCtlDelay                   
00000711  SysCtlPeripheralEnable        
20000200  __STACK_END                   
00000200  __STACK_SIZE                  
20000200  __STACK_TOP                   
00000810  __TI_CINIT_Base               
00000818  __TI_CINIT_Limit              
00000808  __TI_Handler_Table_Base       
00000810  __TI_Handler_Table_Limit      
000006cd  __TI_auto_init_nobinit_nopinit
00000665  __TI_decompress_lzss          
000007cd  __TI_decompress_none          
ffffffff  __TI_pprof_out_hndl           
ffffffff  __TI_prof_data_size           
ffffffff  __TI_prof_data_start          
00000000  __TI_static_base__            
000005c9  __aeabi_memcpy                
000005c9  __aeabi_memcpy4               
000005c9  __aeabi_memcpy8               
ffffffff  __binit__                     
ffffffff  __c_args__                    
UNDEFED   __mpu_init                    
20000000  __stack                       
20000000  __start___llvm_prf_cnts       
20000000  __stop___llvm_prf_cnts        
00000745  _c_int00_noargs               
UNDEFED   _system_post_cinit            
000007f9  _system_pre_init              
000007fd  abort                         
ffffffff  binit                         
20000208  contador_0                    
2000020c  contador_1                    
20000210  contador_2                    
20000214  contador_3                    
20000218  contador_4                    
2000021c  contador_5                    
20000204  enable                        
20000200  estado                        
00000000  g_pfnVectors                  
0000026d  main                          
000005c9  memcpy                        


GLOBAL SYMBOLS: SORTED BY Symbol Address 

address   name                          
-------   ----                          
00000000  __TI_static_base__            
00000000  g_pfnVectors                  
00000200  __STACK_SIZE                  
0000026d  main                          
000003a1  GPIOPadConfigSet              
000004d5  SysCtlClockSet                
000005c9  __aeabi_memcpy                
000005c9  __aeabi_memcpy4               
000005c9  __aeabi_memcpy8               
000005c9  memcpy                        
00000665  __TI_decompress_lzss          
000006cd  __TI_auto_init_nobinit_nopinit
00000711  SysCtlPeripheralEnable        
00000745  _c_int00_noargs               
00000779  GPIODirModeSet                
000007a3  GPIOPinTypeGPIOOutput         
000007bb  GPIOPinTypeGPIOInput          
000007cd  __TI_decompress_none          
000007db  ResetISR                      
000007e7  GPIOPinRead                   
000007ed  GPIOPinWrite                  
000007f3  SysCtlDelay                   
000007f9  _system_pre_init              
000007fd  C$$EXIT                       
000007fd  abort                         
00000808  __TI_Handler_Table_Base       
00000810  __TI_CINIT_Base               
00000810  __TI_Handler_Table_Limit      
00000818  __TI_CINIT_Limit              
20000000  __stack                       
20000000  __start___llvm_prf_cnts       
20000000  __stop___llvm_prf_cnts        
20000200  __STACK_END                   
20000200  __STACK_TOP                   
20000200  estado                        
20000204  enable                        
20000208  contador_0                    
2000020c  contador_1                    
20000210  contador_2                    
20000214  contador_3                    
20000218  contador_4                    
2000021c  contador_5                    
ffffffff  __TI_pprof_out_hndl           
ffffffff  __TI_prof_data_size           
ffffffff  __TI_prof_data_start          
ffffffff  __binit__                     
ffffffff  __c_args__                    
ffffffff  binit                         
UNDEFED   __mpu_init                    
UNDEFED   _system_post_cinit            

[50 symbols]
